[0104/191746.075:ERROR:os_crypt_win.cc(93)] Failed to decrypt: 该项不适于在指定状态下使用。 (0x8009000B)
[0104/191747.579:ERROR:backend_impl.cc(1041)] Critical error found -8
[0104/191748.298:WARNING:storage_block-inl.h(146)] Failed data load.
[0104/191748.298:WARNING:storage_block-inl.h(146)] Failed data load.
[0104/191748.298:WARNING:storage_block-inl.h(146)] Failed data load.
[0104/191748.298:WARNING:storage_block-inl.h(146)] Failed data load.
[0104/191748.300:ERROR:entry_impl.cc(998)] Failed to save user data
[0104/191748.300:ERROR:entry_impl.cc(998)] Failed to save user data
[0104/191749.299:WARNING:spdy_session.cc(3431)] Received HEADERS for invalid stream 1
[0104/191749.326:WARNING:spdy_session.cc(3431)] Received HEADERS for invalid stream 1
[0104/191750.899:WARNING:value_store_frontend.cc(45)] Reading mhjfbmdgcfjbbpaeojofohoefgiehjai.alarms from  failed: IO error: .../MANIFEST-000001: Unable to create sequential file (ChromeMethodBFE: 7::NewSequentialFile::1)
[0104/191946.558:ERROR:gpu_init.cc(426)] Passthrough is not supported, GL is disabled
[0104/191950.085:WARNING:gpu_process_host.cc(1296)] The GPU process has crashed 1 time(s)
[0104/191950.166:ERROR:network_service_instance_impl.cc(330)] Network service crashed, restarting service.
[0104/191950.850:WARNING:gpu_process_host.cc(1016)] Reinitialized the GPU process after a crash. The reported initialization time was 302 ms
[0104/192434.441:WARNING:backend_impl.cc(1837)] Destroying invalid entry.
[0104/192434.441:WARNING:backend_impl.cc(1837)] Destroying invalid entry.
[0104/192434.441:WARNING:backend_impl.cc(1837)] Destroying invalid entry.
[0104/192434.441:WARNING:backend_impl.cc(1837)] Destroying invalid entry.
[0104/192516.913:WARNING:backend_impl.cc(1837)] Destroying invalid entry.
[0104/192516.913:WARNING:backend_impl.cc(1837)] Destroying invalid entry.
[0104/192516.913:WARNING:backend_impl.cc(1837)] Destroying invalid entry.
[0104/192516.913:WARNING:backend_impl.cc(1837)] Destroying invalid entry.
[0104/192516.913:WARNING:backend_impl.cc(1837)] Destroying invalid entry.
[0104/192516.913:WARNING:backend_impl.cc(1837)] Destroying invalid entry.
[0104/192516.913:WARNING:backend_impl.cc(1837)] Destroying invalid entry.
[0104/192519.201:WARNING:spdy_session.cc(3431)] Received HEADERS for invalid stream 33
[0104/192519.268:WARNING:spdy_session.cc(3431)] Received HEADERS for invalid stream 35
